../Core/Src/main.c:66:5:__io_putchar	24	static
../Core/Src/main.c:85:13:set_byte	24	static
../Core/Src/main.c:99:6:ws2812b_init	16	static
../Core/Src/main.c:114:6:ws2812b_update	8	static
../Core/Src/main.c:119:6:ws2812b_wait	8	static
../Core/Src/main.c:125:6:ws2812b_set_color	16	static
../Core/Src/main.c:147:6:HAL_TIM_PWM_PulseFinishedCallback	16	static
../Core/Src/main.c:153:6:Set_LED	24	static
../Core/Src/main.c:162:6:Set_Brightness	40	static
../Core/Src/main.c:180:6:WS2812_Send	32	static
../Core/Src/main.c:221:9:rainbow_effect	24	static
../Core/Src/main.c:259:6:handleDirection	16	static
../Core/Src/main.c:308:6:displayBoard	24	static
../Core/Src/main.c:325:6:handleMovement	24	static
../Core/Src/main.c:348:6:handleSelection	32	static
../Core/Src/main.c:365:5:main	128	static
../Core/Src/main.c:537:6:SystemClock_Config	88	static
../Core/Src/main.c:584:13:MX_TIM1_Init	80	static
../Core/Src/main.c:649:13:MX_USART2_UART_Init	8	static
../Core/Src/main.c:680:13:MX_DMA_Init	16	static
../Core/Src/main.c:698:13:MX_GPIO_Init	16	static
../Core/Src/main.c:719:6:Error_Handler	4	static,ignoring_inline_asm
